// Jest Snapshot v1, https://goo.gl/fbAQLP

exports[`should render EditWt3dPage 1`] = `
<div>
  <div
    className="page-header"
  >
    <div
      className="content-container"
    >
      <h1
        className="page-header__title"
      >
        Edit Wt3d
      </h1>
    </div>
  </div>
  <div
    className="content-container"
  >
    <Wt3dForm
      expense={
        Object {
          "amount": 4500,
          "createdAt": 345600000,
          "description": "Credit Card",
          "id": "3",
          "note": "",
        }
      }
      onSubmit={[Function]}
    />
    <button
      className="button button--secondary"
      onClick={[Function]}
    >
      Remove Wt3d
    </button>
  </div>
</div>
`;
